Restore Archived Project report for SBND_FPGA
Thu Apr 20 11:50:34 2017
Quartus II 64-Bit Version 14.1.0 Build 186 12/03/2014 SJ Full Version


---------------------
; Table of Contents ;
---------------------
  1. Legal Notice
  2. Restore Archived Project Summary
  3. Restore Archived Project Messages
  4. Files Restored
  5. Files Not Restored



----------------
; Legal Notice ;
----------------
Copyright (C) 1991-2014 Altera Corporation. All rights reserved.
Your use of Altera Corporation's design tools, logic functions 
and other software and tools, and its AMPP partner logic 
functions, and any output files from any of the foregoing 
(including device programming or simulation files), and any 
associated documentation or information are expressly subject 
to the terms and conditions of the Altera Program License 
Subscription Agreement, the Altera Quartus II License Agreement,
the Altera MegaCore Function License Agreement, or other 
applicable license agreement, including, without limitation, 
that your use is for the sole purpose of programming logic 
devices manufactured by Altera and sold by Altera or its 
authorized distributors.  Please refer to the applicable 
agreement for further details.



+-------------------------------------------------------------------------+
; Restore Archived Project Summary                                        ;
+---------------------------------+---------------------------------------+
; Restore Archived Project Status ; Successful - Thu Apr 20 11:50:34 2017 ;
; Revision Name                   ; SBND_FPGA                             ;
; Top-level Entity Name           ; SBND_FPGA                             ;
; Family                          ; Cyclone IV GX                         ;
+---------------------------------+---------------------------------------+


+-----------------------------------+
; Restore Archived Project Messages ;
+-----------------------------------+
Info: Successfully restored 'D:/Code/SBND_FEMB_FPGA_v205.qar' into the 'D:/Code/SBND_FEMB_FPGA_v205_restored/' directory
Info: Generated report 'SBND_FPGA.restore.rpt'
Info (23030): Evaluation of Tcl script d:/altera/14.1/quartus/common/tcl/apps/qpm/qar.tcl was successful
Info: Quartus II 64-Bit Shell was successful. 0 errors, 0 warnings
    Info: Peak virtual memory: 334 megabytes
    Info: Processing ended: Thu Apr 20 11:50:34 2017
    Info: Elapsed time: 00:00:08
    Info: Total CPU time (on all processors): 00:00:01


+-------------------------------------------------------------------------------------+
; Files Restored                                                                      ;
+-------------------------------------------------------------------------------------+
; File Name                                                                           ;
+-------------------------------------------------------------------------------------+
; qar_info.json                                                                       ;
; ADC_FIFO.cmp                                                                        ;
; ADC_FIFO.qip                                                                        ;
; ADC_FIFO.vhd                                                                        ;
; ADV_SFL.cmp                                                                         ;
; ADV_SFL.qip                                                                         ;
; ADV_SFL.vhd                                                                         ;
; ALTGX_TX.cmp                                                                        ;
; ALTGX_TX.ppf                                                                        ;
; ALTGX_TX.qip                                                                        ;
; ALTGX_TX.vhd                                                                        ;
; Chain1.cdf                                                                          ;
; DPM_LBNE_REG.cmp                                                                    ;
; DPM_LBNE_REG.qip                                                                    ;
; DPM_LBNE_REG.vhd                                                                    ;
; DPM_SAMP_WFM.cmp                                                                    ;
; DPM_SAMP_WFM.qip                                                                    ;
; DPM_SAMP_WFM.vhd                                                                    ;
; G_CLK.cmp                                                                           ;
; G_CLK.qip                                                                           ;
; G_CLK.vhd                                                                           ;
; I2C_slave_32bit_A16.vhd                                                             ;
; LBNE_HSTX.vhd                                                                       ;
; SBND_ASIC_CNTRL.vhd                                                                 ;
; SBND_ASIC_RDOUT_v2.vhd                                                              ;
; SBND_FPGA.qpf                                                                       ;
; SBND_FPGA.qsf                                                                       ;
; SBND_FPGA.sdc                                                                       ;
; SBND_FPGA.vhd                                                                       ;
; SBND_FPGA_assignment_defaults.qdf                                                   ;
; SBND_HSTX.VHD                                                                       ;
; SBND_PKT.vhd                                                                        ;
; SBND_PKT_GEN.vhd                                                                    ;
; SBND_PWM_CLK_DECODER.vhd                                                            ;
; SBND_RDOUT_V1.vhd                                                                   ;
; SBND_SYNC_START_STOP.vhd                                                            ;
; SBND_TST_PULSE.vhd                                                                  ;
; SBND_TS_AND_ADC_ERR.vhd                                                             ;
; SBND_registers.vhd                                                                  ;
; SbndPkg.vhd                                                                         ;
; al_const_32bit.vhd                                                                  ;
; al_const_wren.vhd                                                                   ;
; alt_pll.cmp                                                                         ;
; alt_pll.ppf                                                                         ;
; alt_pll.qip                                                                         ;
; alt_pll.vhd                                                                         ;
; clk_out.cmp                                                                         ;
; clk_out.ppf                                                                         ;
; clk_out.qip                                                                         ;
; clk_out.vhd                                                                         ;
; lbne_pll2.cmp                                                                       ;
; lbne_pll2.ppf                                                                       ;
; lbne_pll2.qip                                                                       ;
; lbne_pll2.vhd                                                                       ;
; lbne_tst_pulse.vhd                                                                  ;
; mac_reg_cntl.vhd                                                                    ;
; mac_reg_read.vhd                                                                    ;
; output_files/Chain1.cdf                                                             ;
; recon.vhd                                                                           ;
; rx_frame.vhd                                                                        ;
; sfl_epcs.vhd                                                                        ;
; sys_rst.vhd                                                                         ;
; tse_mac.qip                                                                         ;
; tse_mac.sip                                                                         ;
; tse_mac.vhd                                                                         ;
; tse_mac/altera_eth_tse_avalon_arbiter.v                                             ;
; tse_mac/altera_eth_tse_mac.sdc                                                      ;
; tse_mac/altera_eth_tse_mac.v                                                        ;
; tse_mac/altera_eth_tse_pcs_pma_gxb.sdc                                              ;
; tse_mac/altera_eth_tse_pcs_pma_gxb.v                                                ;
; tse_mac/altera_reset_controller.sdc                                                 ;
; tse_mac/altera_reset_controller.v                                                   ;
; tse_mac/altera_reset_synchronizer.v                                                 ;
; tse_mac/altera_tse_a_fifo_13.v                                                      ;
; tse_mac/altera_tse_a_fifo_24.v                                                      ;
; tse_mac/altera_tse_a_fifo_34.v                                                      ;
; tse_mac/altera_tse_a_fifo_opt_1246.v                                                ;
; tse_mac/altera_tse_a_fifo_opt_14_44.v                                               ;
; tse_mac/altera_tse_a_fifo_opt_36_10.v                                               ;
; tse_mac/altera_tse_align_sync.v                                                     ;
; tse_mac/altera_tse_alt2gxb_gige.v                                                   ;
; tse_mac/altera_tse_alt2gxb_gige_wo_rmfifo.v                                         ;
; tse_mac/altera_tse_alt4gxb_gige.v                                                   ;
; tse_mac/altera_tse_alt4gxb_gige_wo_rmfifo.v                                         ;
; tse_mac/altera_tse_altgx_civgx_gige.v                                               ;
; tse_mac/altera_tse_altgx_civgx_gige_wo_rmfifo.v                                     ;
; tse_mac/altera_tse_altgxb.v                                                         ;
; tse_mac/altera_tse_altshifttaps.v                                                   ;
; tse_mac/altera_tse_altsyncram_dpm_fifo.v                                            ;
; tse_mac/altera_tse_bin_cnt.v                                                        ;
; tse_mac/altera_tse_carrier_sense.v                                                  ;
; tse_mac/altera_tse_clk_cntl.v                                                       ;
; tse_mac/altera_tse_clk_gen.v                                                        ;
; tse_mac/altera_tse_clock_crosser.v                                                  ;
; tse_mac/altera_tse_colision_detect.v                                                ;
; tse_mac/altera_tse_crc328checker.v                                                  ;
; tse_mac/altera_tse_crc328generator.v                                                ;
; tse_mac/altera_tse_crc32ctl8.v                                                      ;
; tse_mac/altera_tse_crc32galois8.v                                                   ;
; tse_mac/altera_tse_dc_fifo.v                                                        ;
; tse_mac/altera_tse_dec10b8b.v                                                       ;
; tse_mac/altera_tse_dec_func.v                                                       ;
; tse_mac/altera_tse_dpram_16x32.v                                                    ;
; tse_mac/altera_tse_dpram_8x32.v                                                     ;
; tse_mac/altera_tse_enc8b10b.v                                                       ;
; tse_mac/altera_tse_false_path_marker.v                                              ;
; tse_mac/altera_tse_fifoless_mac_rx.v                                                ;
; tse_mac/altera_tse_fifoless_mac_tx.v                                                ;
; tse_mac/altera_tse_fifoless_retransmit_cntl.v                                       ;
; tse_mac/altera_tse_gmii_io.v                                                        ;
; tse_mac/altera_tse_gray_cnt.v                                                       ;
; tse_mac/altera_tse_gxb_aligned_rxsync.v                                             ;
; tse_mac/altera_tse_gxb_gige_inst.v                                                  ;
; tse_mac/altera_tse_hashing.v                                                        ;
; tse_mac/altera_tse_host_control.v                                                   ;
; tse_mac/altera_tse_host_control_small.v                                             ;
; tse_mac/altera_tse_lb_read_cntl.v                                                   ;
; tse_mac/altera_tse_lb_wrt_cntl.v                                                    ;
; tse_mac/altera_tse_lfsr_10.v                                                        ;
; tse_mac/altera_tse_loopback_ff.v                                                    ;
; tse_mac/altera_tse_mac_control.v                                                    ;
; tse_mac/altera_tse_mac_rx.v                                                         ;
; tse_mac/altera_tse_mac_tx.v                                                         ;
; tse_mac/altera_tse_magic_detection.v                                                ;
; tse_mac/altera_tse_mdio.v                                                           ;
; tse_mac/altera_tse_mdio_clk_gen.v                                                   ;
; tse_mac/altera_tse_mdio_cntl.v                                                      ;
; tse_mac/altera_tse_mdio_reg.v                                                       ;
; tse_mac/altera_tse_mii_rx_if.v                                                      ;
; tse_mac/altera_tse_mii_rx_if_pcs.v                                                  ;
; tse_mac/altera_tse_mii_tx_if.v                                                      ;
; tse_mac/altera_tse_mii_tx_if_pcs.v                                                  ;
; tse_mac/altera_tse_nf_rgmii_module.v                                                ;
; tse_mac/altera_tse_pcs_control.v                                                    ;
; tse_mac/altera_tse_pcs_host_control.v                                               ;
; tse_mac/altera_tse_ph_calculator.sv                                                 ;
; tse_mac/altera_tse_pipeline_base.v                                                  ;
; tse_mac/altera_tse_pipeline_stage.sv                                                ;
; tse_mac/altera_tse_quad_16x32.v                                                     ;
; tse_mac/altera_tse_quad_8x32.v                                                      ;
; tse_mac/altera_tse_register_map.v                                                   ;
; tse_mac/altera_tse_register_map_small.v                                             ;
; tse_mac/altera_tse_reset_ctrl_lego.sv                                               ;
; tse_mac/altera_tse_reset_sequencer.sv                                               ;
; tse_mac/altera_tse_reset_synchronizer.v                                             ;
; tse_mac/altera_tse_retransmit_cntl.v                                                ;
; tse_mac/altera_tse_rgmii_in1.v                                                      ;
; tse_mac/altera_tse_rgmii_in4.v                                                      ;
; tse_mac/altera_tse_rgmii_module.v                                                   ;
; tse_mac/altera_tse_rgmii_out1.v                                                     ;
; tse_mac/altera_tse_rgmii_out4.v                                                     ;
; tse_mac/altera_tse_rx_converter.v                                                   ;
; tse_mac/altera_tse_rx_counter_cntl.v                                                ;
; tse_mac/altera_tse_rx_encapsulation.v                                               ;
; tse_mac/altera_tse_rx_encapsulation_strx_gx.v                                       ;
; tse_mac/altera_tse_rx_ff.v                                                          ;
; tse_mac/altera_tse_rx_ff_cntrl.v                                                    ;
; tse_mac/altera_tse_rx_ff_cntrl_32.v                                                 ;
; tse_mac/altera_tse_rx_ff_cntrl_32_shift16.v                                         ;
; tse_mac/altera_tse_rx_ff_length.v                                                   ;
; tse_mac/altera_tse_rx_fifo_rd.v                                                     ;
; tse_mac/altera_tse_rx_min_ff.v                                                      ;
; tse_mac/altera_tse_rx_stat_extract.v                                                ;
; tse_mac/altera_tse_rx_sync.v                                                        ;
; tse_mac/altera_tse_sdpm_altsyncram.v                                                ;
; tse_mac/altera_tse_sdpm_gen.v                                                       ;
; tse_mac/altera_tse_sgmii_clk_cntl.v                                                 ;
; tse_mac/altera_tse_sgmii_clk_div.v                                                  ;
; tse_mac/altera_tse_sgmii_clk_enable.v                                               ;
; tse_mac/altera_tse_shared_mac_control.v                                             ;
; tse_mac/altera_tse_shared_register_map.v                                            ;
; tse_mac/altera_tse_timing_adapter32.v                                               ;
; tse_mac/altera_tse_timing_adapter8.v                                                ;
; tse_mac/altera_tse_timing_adapter_fifo32.v                                          ;
; tse_mac/altera_tse_timing_adapter_fifo8.v                                           ;
; tse_mac/altera_tse_top_1000_base_x.ocp                                              ;
; tse_mac/altera_tse_top_1000_base_x.v                                                ;
; tse_mac/altera_tse_top_1000_base_x_strx_gx.ocp                                      ;
; tse_mac/altera_tse_top_1000_base_x_strx_gx.v                                        ;
; tse_mac/altera_tse_top_1geth.v                                                      ;
; tse_mac/altera_tse_top_autoneg.v                                                    ;
; tse_mac/altera_tse_top_fifoless_1geth.v                                             ;
; tse_mac/altera_tse_top_gen_host.v                                                   ;
; tse_mac/altera_tse_top_mdio.v                                                       ;
; tse_mac/altera_tse_top_pcs.v                                                        ;
; tse_mac/altera_tse_top_pcs_strx_gx.v                                                ;
; tse_mac/altera_tse_top_rx.v                                                         ;
; tse_mac/altera_tse_top_rx_converter.v                                               ;
; tse_mac/altera_tse_top_sgmii.v                                                      ;
; tse_mac/altera_tse_top_sgmii_strx_gx.v                                              ;
; tse_mac/altera_tse_top_tx.v                                                         ;
; tse_mac/altera_tse_top_tx_converter.v                                               ;
; tse_mac/altera_tse_top_w_fifo.v                                                     ;
; tse_mac/altera_tse_top_w_fifo_10_100_1000.ocp                                       ;
; tse_mac/altera_tse_top_w_fifo_10_100_1000.v                                         ;
; tse_mac/altera_tse_top_wo_fifo.v                                                    ;
; tse_mac/altera_tse_top_wo_fifo_10_100_1000.ocp                                      ;
; tse_mac/altera_tse_top_wo_fifo_10_100_1000.v                                        ;
; tse_mac/altera_tse_tx_converter.v                                                   ;
; tse_mac/altera_tse_tx_counter_cntl.v                                                ;
; tse_mac/altera_tse_tx_encapsulation.v                                               ;
; tse_mac/altera_tse_tx_ff.v                                                          ;
; tse_mac/altera_tse_tx_ff_cntrl.v                                                    ;
; tse_mac/altera_tse_tx_ff_cntrl_32.v                                                 ;
; tse_mac/altera_tse_tx_ff_cntrl_32_shift16.v                                         ;
; tse_mac/altera_tse_tx_ff_length.v                                                   ;
; tse_mac/altera_tse_tx_ff_read_cntl.v                                                ;
; tse_mac/altera_tse_tx_min_ff.v                                                      ;
; tse_mac/altera_tse_tx_stat_extract.v                                                ;
; tse_mac/altera_tse_xcvr_resync.v                                                    ;
; tse_mac/tse_mac_0002.v                                                              ;
; tse_mac_sim/altera_eth_tse_altgxb/altera_eth_tse_altgxb_0001.vho                    ;
; tse_mac_sim/altera_eth_tse_avalon_arbiter/aldec/altera_eth_tse_avalon_arbiter.v     ;
; tse_mac_sim/altera_eth_tse_avalon_arbiter/mentor/altera_eth_tse_avalon_arbiter.v    ;
; tse_mac_sim/altera_eth_tse_mac/aldec/altera_eth_tse_mac.v                           ;
; tse_mac_sim/altera_eth_tse_mac/aldec/altera_tse_a_fifo_13.v                         ;
; tse_mac_sim/altera_eth_tse_mac/aldec/altera_tse_a_fifo_24.v                         ;
; tse_mac_sim/altera_eth_tse_mac/aldec/altera_tse_a_fifo_34.v                         ;
; tse_mac_sim/altera_eth_tse_mac/aldec/altera_tse_a_fifo_opt_1246.v                   ;
; tse_mac_sim/altera_eth_tse_mac/aldec/altera_tse_a_fifo_opt_14_44.v                  ;
; tse_mac_sim/altera_eth_tse_mac/aldec/altera_tse_a_fifo_opt_36_10.v                  ;
; tse_mac_sim/altera_eth_tse_mac/aldec/altera_tse_altshifttaps.v                      ;
; tse_mac_sim/altera_eth_tse_mac/aldec/altera_tse_altsyncram_dpm_fifo.v               ;
; tse_mac_sim/altera_eth_tse_mac/aldec/altera_tse_bin_cnt.v                           ;
; tse_mac_sim/altera_eth_tse_mac/aldec/altera_tse_clk_cntl.v                          ;
; tse_mac_sim/altera_eth_tse_mac/aldec/altera_tse_clock_crosser.v                     ;
; tse_mac_sim/altera_eth_tse_mac/aldec/altera_tse_crc328checker.v                     ;
; tse_mac_sim/altera_eth_tse_mac/aldec/altera_tse_crc328generator.v                   ;
; tse_mac_sim/altera_eth_tse_mac/aldec/altera_tse_crc32ctl8.v                         ;
; tse_mac_sim/altera_eth_tse_mac/aldec/altera_tse_crc32galois8.v                      ;
; tse_mac_sim/altera_eth_tse_mac/aldec/altera_tse_dc_fifo.v                           ;
; tse_mac_sim/altera_eth_tse_mac/aldec/altera_tse_dpram_16x32.v                       ;
; tse_mac_sim/altera_eth_tse_mac/aldec/altera_tse_dpram_8x32.v                        ;
; tse_mac_sim/altera_eth_tse_mac/aldec/altera_tse_false_path_marker.v                 ;
; tse_mac_sim/altera_eth_tse_mac/aldec/altera_tse_fifoless_mac_rx.v                   ;
; tse_mac_sim/altera_eth_tse_mac/aldec/altera_tse_fifoless_mac_tx.v                   ;
; tse_mac_sim/altera_eth_tse_mac/aldec/altera_tse_fifoless_retransmit_cntl.v          ;
; tse_mac_sim/altera_eth_tse_mac/aldec/altera_tse_gmii_io.v                           ;
; tse_mac_sim/altera_eth_tse_mac/aldec/altera_tse_gray_cnt.v                          ;
; tse_mac_sim/altera_eth_tse_mac/aldec/altera_tse_hashing.v                           ;
; tse_mac_sim/altera_eth_tse_mac/aldec/altera_tse_host_control.v                      ;
; tse_mac_sim/altera_eth_tse_mac/aldec/altera_tse_host_control_small.v                ;
; tse_mac_sim/altera_eth_tse_mac/aldec/altera_tse_lb_read_cntl.v                      ;
; tse_mac_sim/altera_eth_tse_mac/aldec/altera_tse_lb_wrt_cntl.v                       ;
; tse_mac_sim/altera_eth_tse_mac/aldec/altera_tse_lfsr_10.v                           ;
; tse_mac_sim/altera_eth_tse_mac/aldec/altera_tse_loopback_ff.v                       ;
; tse_mac_sim/altera_eth_tse_mac/aldec/altera_tse_mac_control.v                       ;
; tse_mac_sim/altera_eth_tse_mac/aldec/altera_tse_mac_rx.v                            ;
; tse_mac_sim/altera_eth_tse_mac/aldec/altera_tse_mac_tx.v                            ;
; tse_mac_sim/altera_eth_tse_mac/aldec/altera_tse_magic_detection.v                   ;
; tse_mac_sim/altera_eth_tse_mac/aldec/altera_tse_mdio.v                              ;
; tse_mac_sim/altera_eth_tse_mac/aldec/altera_tse_mdio_clk_gen.v                      ;
; tse_mac_sim/altera_eth_tse_mac/aldec/altera_tse_mdio_cntl.v                         ;
; tse_mac_sim/altera_eth_tse_mac/aldec/altera_tse_mii_rx_if.v                         ;
; tse_mac_sim/altera_eth_tse_mac/aldec/altera_tse_mii_tx_if.v                         ;
; tse_mac_sim/altera_eth_tse_mac/aldec/altera_tse_nf_rgmii_module.v                   ;
; tse_mac_sim/altera_eth_tse_mac/aldec/altera_tse_ph_calculator.sv                    ;
; tse_mac_sim/altera_eth_tse_mac/aldec/altera_tse_pipeline_base.v                     ;
; tse_mac_sim/altera_eth_tse_mac/aldec/altera_tse_pipeline_stage.sv                   ;
; tse_mac_sim/altera_eth_tse_mac/aldec/altera_tse_quad_16x32.v                        ;
; tse_mac_sim/altera_eth_tse_mac/aldec/altera_tse_quad_8x32.v                         ;
; tse_mac_sim/altera_eth_tse_mac/aldec/altera_tse_register_map.v                      ;
; tse_mac_sim/altera_eth_tse_mac/aldec/altera_tse_register_map_small.v                ;
; tse_mac_sim/altera_eth_tse_mac/aldec/altera_tse_reset_synchronizer.v                ;
; tse_mac_sim/altera_eth_tse_mac/aldec/altera_tse_retransmit_cntl.v                   ;
; tse_mac_sim/altera_eth_tse_mac/aldec/altera_tse_rgmii_in1.v                         ;
; tse_mac_sim/altera_eth_tse_mac/aldec/altera_tse_rgmii_in4.v                         ;
; tse_mac_sim/altera_eth_tse_mac/aldec/altera_tse_rgmii_module.v                      ;
; tse_mac_sim/altera_eth_tse_mac/aldec/altera_tse_rgmii_out1.v                        ;
; tse_mac_sim/altera_eth_tse_mac/aldec/altera_tse_rgmii_out4.v                        ;
; tse_mac_sim/altera_eth_tse_mac/aldec/altera_tse_rx_counter_cntl.v                   ;
; tse_mac_sim/altera_eth_tse_mac/aldec/altera_tse_rx_ff.v                             ;
; tse_mac_sim/altera_eth_tse_mac/aldec/altera_tse_rx_ff_cntrl.v                       ;
; tse_mac_sim/altera_eth_tse_mac/aldec/altera_tse_rx_ff_cntrl_32.v                    ;
; tse_mac_sim/altera_eth_tse_mac/aldec/altera_tse_rx_ff_cntrl_32_shift16.v            ;
; tse_mac_sim/altera_eth_tse_mac/aldec/altera_tse_rx_ff_length.v                      ;
; tse_mac_sim/altera_eth_tse_mac/aldec/altera_tse_rx_min_ff.v                         ;
; tse_mac_sim/altera_eth_tse_mac/aldec/altera_tse_rx_stat_extract.v                   ;
; tse_mac_sim/altera_eth_tse_mac/aldec/altera_tse_sdpm_altsyncram.v                   ;
; tse_mac_sim/altera_eth_tse_mac/aldec/altera_tse_sdpm_gen.v                          ;
; tse_mac_sim/altera_eth_tse_mac/aldec/altera_tse_shared_mac_control.v                ;
; tse_mac_sim/altera_eth_tse_mac/aldec/altera_tse_shared_register_map.v               ;
; tse_mac_sim/altera_eth_tse_mac/aldec/altera_tse_timing_adapter32.v                  ;
; tse_mac_sim/altera_eth_tse_mac/aldec/altera_tse_timing_adapter8.v                   ;
; tse_mac_sim/altera_eth_tse_mac/aldec/altera_tse_timing_adapter_fifo32.v             ;
; tse_mac_sim/altera_eth_tse_mac/aldec/altera_tse_timing_adapter_fifo8.v              ;
; tse_mac_sim/altera_eth_tse_mac/aldec/altera_tse_top_1geth.v                         ;
; tse_mac_sim/altera_eth_tse_mac/aldec/altera_tse_top_fifoless_1geth.v                ;
; tse_mac_sim/altera_eth_tse_mac/aldec/altera_tse_top_gen_host.v                      ;
; tse_mac_sim/altera_eth_tse_mac/aldec/altera_tse_top_mdio.v                          ;
; tse_mac_sim/altera_eth_tse_mac/aldec/altera_tse_top_w_fifo.v                        ;
; tse_mac_sim/altera_eth_tse_mac/aldec/altera_tse_top_w_fifo_10_100_1000.v            ;
; tse_mac_sim/altera_eth_tse_mac/aldec/altera_tse_top_wo_fifo.v                       ;
; tse_mac_sim/altera_eth_tse_mac/aldec/altera_tse_top_wo_fifo_10_100_1000.v           ;
; tse_mac_sim/altera_eth_tse_mac/aldec/altera_tse_tx_counter_cntl.v                   ;
; tse_mac_sim/altera_eth_tse_mac/aldec/altera_tse_tx_ff.v                             ;
; tse_mac_sim/altera_eth_tse_mac/aldec/altera_tse_tx_ff_cntrl.v                       ;
; tse_mac_sim/altera_eth_tse_mac/aldec/altera_tse_tx_ff_cntrl_32.v                    ;
; tse_mac_sim/altera_eth_tse_mac/aldec/altera_tse_tx_ff_cntrl_32_shift16.v            ;
; tse_mac_sim/altera_eth_tse_mac/aldec/altera_tse_tx_ff_length.v                      ;
; tse_mac_sim/altera_eth_tse_mac/aldec/altera_tse_tx_ff_read_cntl.v                   ;
; tse_mac_sim/altera_eth_tse_mac/aldec/altera_tse_tx_min_ff.v                         ;
; tse_mac_sim/altera_eth_tse_mac/aldec/altera_tse_tx_stat_extract.v                   ;
; tse_mac_sim/altera_eth_tse_mac/mentor/altera_eth_tse_mac.v                          ;
; tse_mac_sim/altera_eth_tse_mac/mentor/altera_tse_a_fifo_13.v                        ;
; tse_mac_sim/altera_eth_tse_mac/mentor/altera_tse_a_fifo_24.v                        ;
; tse_mac_sim/altera_eth_tse_mac/mentor/altera_tse_a_fifo_34.v                        ;
; tse_mac_sim/altera_eth_tse_mac/mentor/altera_tse_a_fifo_opt_1246.v                  ;
; tse_mac_sim/altera_eth_tse_mac/mentor/altera_tse_a_fifo_opt_14_44.v                 ;
; tse_mac_sim/altera_eth_tse_mac/mentor/altera_tse_a_fifo_opt_36_10.v                 ;
; tse_mac_sim/altera_eth_tse_mac/mentor/altera_tse_altshifttaps.v                     ;
; tse_mac_sim/altera_eth_tse_mac/mentor/altera_tse_altsyncram_dpm_fifo.v              ;
; tse_mac_sim/altera_eth_tse_mac/mentor/altera_tse_bin_cnt.v                          ;
; tse_mac_sim/altera_eth_tse_mac/mentor/altera_tse_clk_cntl.v                         ;
; tse_mac_sim/altera_eth_tse_mac/mentor/altera_tse_clock_crosser.v                    ;
; tse_mac_sim/altera_eth_tse_mac/mentor/altera_tse_crc328checker.v                    ;
; tse_mac_sim/altera_eth_tse_mac/mentor/altera_tse_crc328generator.v                  ;
; tse_mac_sim/altera_eth_tse_mac/mentor/altera_tse_crc32ctl8.v                        ;
; tse_mac_sim/altera_eth_tse_mac/mentor/altera_tse_crc32galois8.v                     ;
; tse_mac_sim/altera_eth_tse_mac/mentor/altera_tse_dc_fifo.v                          ;
; tse_mac_sim/altera_eth_tse_mac/mentor/altera_tse_dpram_16x32.v                      ;
; tse_mac_sim/altera_eth_tse_mac/mentor/altera_tse_dpram_8x32.v                       ;
; tse_mac_sim/altera_eth_tse_mac/mentor/altera_tse_false_path_marker.v                ;
; tse_mac_sim/altera_eth_tse_mac/mentor/altera_tse_fifoless_mac_rx.v                  ;
; tse_mac_sim/altera_eth_tse_mac/mentor/altera_tse_fifoless_mac_tx.v                  ;
; tse_mac_sim/altera_eth_tse_mac/mentor/altera_tse_fifoless_retransmit_cntl.v         ;
; tse_mac_sim/altera_eth_tse_mac/mentor/altera_tse_gmii_io.v                          ;
; tse_mac_sim/altera_eth_tse_mac/mentor/altera_tse_gray_cnt.v                         ;
; tse_mac_sim/altera_eth_tse_mac/mentor/altera_tse_hashing.v                          ;
; tse_mac_sim/altera_eth_tse_mac/mentor/altera_tse_host_control.v                     ;
; tse_mac_sim/altera_eth_tse_mac/mentor/altera_tse_host_control_small.v               ;
; tse_mac_sim/altera_eth_tse_mac/mentor/altera_tse_lb_read_cntl.v                     ;
; tse_mac_sim/altera_eth_tse_mac/mentor/altera_tse_lb_wrt_cntl.v                      ;
; tse_mac_sim/altera_eth_tse_mac/mentor/altera_tse_lfsr_10.v                          ;
; tse_mac_sim/altera_eth_tse_mac/mentor/altera_tse_loopback_ff.v                      ;
; tse_mac_sim/altera_eth_tse_mac/mentor/altera_tse_mac_control.v                      ;
; tse_mac_sim/altera_eth_tse_mac/mentor/altera_tse_mac_rx.v                           ;
; tse_mac_sim/altera_eth_tse_mac/mentor/altera_tse_mac_tx.v                           ;
; tse_mac_sim/altera_eth_tse_mac/mentor/altera_tse_magic_detection.v                  ;
; tse_mac_sim/altera_eth_tse_mac/mentor/altera_tse_mdio.v                             ;
; tse_mac_sim/altera_eth_tse_mac/mentor/altera_tse_mdio_clk_gen.v                     ;
; tse_mac_sim/altera_eth_tse_mac/mentor/altera_tse_mdio_cntl.v                        ;
; tse_mac_sim/altera_eth_tse_mac/mentor/altera_tse_mii_rx_if.v                        ;
; tse_mac_sim/altera_eth_tse_mac/mentor/altera_tse_mii_tx_if.v                        ;
; tse_mac_sim/altera_eth_tse_mac/mentor/altera_tse_nf_rgmii_module.v                  ;
; tse_mac_sim/altera_eth_tse_mac/mentor/altera_tse_ph_calculator.sv                   ;
; tse_mac_sim/altera_eth_tse_mac/mentor/altera_tse_pipeline_base.v                    ;
; tse_mac_sim/altera_eth_tse_mac/mentor/altera_tse_pipeline_stage.sv                  ;
; tse_mac_sim/altera_eth_tse_mac/mentor/altera_tse_quad_16x32.v                       ;
; tse_mac_sim/altera_eth_tse_mac/mentor/altera_tse_quad_8x32.v                        ;
; tse_mac_sim/altera_eth_tse_mac/mentor/altera_tse_register_map.v                     ;
; tse_mac_sim/altera_eth_tse_mac/mentor/altera_tse_register_map_small.v               ;
; tse_mac_sim/altera_eth_tse_mac/mentor/altera_tse_reset_synchronizer.v               ;
; tse_mac_sim/altera_eth_tse_mac/mentor/altera_tse_retransmit_cntl.v                  ;
; tse_mac_sim/altera_eth_tse_mac/mentor/altera_tse_rgmii_in1.v                        ;
; tse_mac_sim/altera_eth_tse_mac/mentor/altera_tse_rgmii_in4.v                        ;
; tse_mac_sim/altera_eth_tse_mac/mentor/altera_tse_rgmii_module.v                     ;
; tse_mac_sim/altera_eth_tse_mac/mentor/altera_tse_rgmii_out1.v                       ;
; tse_mac_sim/altera_eth_tse_mac/mentor/altera_tse_rgmii_out4.v                       ;
; tse_mac_sim/altera_eth_tse_mac/mentor/altera_tse_rx_counter_cntl.v                  ;
; tse_mac_sim/altera_eth_tse_mac/mentor/altera_tse_rx_ff.v                            ;
; tse_mac_sim/altera_eth_tse_mac/mentor/altera_tse_rx_ff_cntrl.v                      ;
; tse_mac_sim/altera_eth_tse_mac/mentor/altera_tse_rx_ff_cntrl_32.v                   ;
; tse_mac_sim/altera_eth_tse_mac/mentor/altera_tse_rx_ff_cntrl_32_shift16.v           ;
; tse_mac_sim/altera_eth_tse_mac/mentor/altera_tse_rx_ff_length.v                     ;
; tse_mac_sim/altera_eth_tse_mac/mentor/altera_tse_rx_min_ff.v                        ;
; tse_mac_sim/altera_eth_tse_mac/mentor/altera_tse_rx_stat_extract.v                  ;
; tse_mac_sim/altera_eth_tse_mac/mentor/altera_tse_sdpm_altsyncram.v                  ;
; tse_mac_sim/altera_eth_tse_mac/mentor/altera_tse_sdpm_gen.v                         ;
; tse_mac_sim/altera_eth_tse_mac/mentor/altera_tse_shared_mac_control.v               ;
; tse_mac_sim/altera_eth_tse_mac/mentor/altera_tse_shared_register_map.v              ;
; tse_mac_sim/altera_eth_tse_mac/mentor/altera_tse_timing_adapter32.v                 ;
; tse_mac_sim/altera_eth_tse_mac/mentor/altera_tse_timing_adapter8.v                  ;
; tse_mac_sim/altera_eth_tse_mac/mentor/altera_tse_timing_adapter_fifo32.v            ;
; tse_mac_sim/altera_eth_tse_mac/mentor/altera_tse_timing_adapter_fifo8.v             ;
; tse_mac_sim/altera_eth_tse_mac/mentor/altera_tse_top_1geth.v                        ;
; tse_mac_sim/altera_eth_tse_mac/mentor/altera_tse_top_fifoless_1geth.v               ;
; tse_mac_sim/altera_eth_tse_mac/mentor/altera_tse_top_gen_host.v                     ;
; tse_mac_sim/altera_eth_tse_mac/mentor/altera_tse_top_mdio.v                         ;
; tse_mac_sim/altera_eth_tse_mac/mentor/altera_tse_top_w_fifo.v                       ;
; tse_mac_sim/altera_eth_tse_mac/mentor/altera_tse_top_w_fifo_10_100_1000.v           ;
; tse_mac_sim/altera_eth_tse_mac/mentor/altera_tse_top_wo_fifo.v                      ;
; tse_mac_sim/altera_eth_tse_mac/mentor/altera_tse_top_wo_fifo_10_100_1000.v          ;
; tse_mac_sim/altera_eth_tse_mac/mentor/altera_tse_tx_counter_cntl.v                  ;
; tse_mac_sim/altera_eth_tse_mac/mentor/altera_tse_tx_ff.v                            ;
; tse_mac_sim/altera_eth_tse_mac/mentor/altera_tse_tx_ff_cntrl.v                      ;
; tse_mac_sim/altera_eth_tse_mac/mentor/altera_tse_tx_ff_cntrl_32.v                   ;
; tse_mac_sim/altera_eth_tse_mac/mentor/altera_tse_tx_ff_cntrl_32_shift16.v           ;
; tse_mac_sim/altera_eth_tse_mac/mentor/altera_tse_tx_ff_length.v                     ;
; tse_mac_sim/altera_eth_tse_mac/mentor/altera_tse_tx_ff_read_cntl.v                  ;
; tse_mac_sim/altera_eth_tse_mac/mentor/altera_tse_tx_min_ff.v                        ;
; tse_mac_sim/altera_eth_tse_mac/mentor/altera_tse_tx_stat_extract.v                  ;
; tse_mac_sim/altera_eth_tse_pcs_pma_gxb/aldec/altera_eth_tse_pcs_pma_gxb.v           ;
; tse_mac_sim/altera_eth_tse_pcs_pma_gxb/aldec/altera_tse_a_fifo_13.v                 ;
; tse_mac_sim/altera_eth_tse_pcs_pma_gxb/aldec/altera_tse_a_fifo_24.v                 ;
; tse_mac_sim/altera_eth_tse_pcs_pma_gxb/aldec/altera_tse_a_fifo_34.v                 ;
; tse_mac_sim/altera_eth_tse_pcs_pma_gxb/aldec/altera_tse_a_fifo_opt_1246.v           ;
; tse_mac_sim/altera_eth_tse_pcs_pma_gxb/aldec/altera_tse_a_fifo_opt_14_44.v          ;
; tse_mac_sim/altera_eth_tse_pcs_pma_gxb/aldec/altera_tse_a_fifo_opt_36_10.v          ;
; tse_mac_sim/altera_eth_tse_pcs_pma_gxb/aldec/altera_tse_align_sync.v                ;
; tse_mac_sim/altera_eth_tse_pcs_pma_gxb/aldec/altera_tse_altsyncram_dpm_fifo.v       ;
; tse_mac_sim/altera_eth_tse_pcs_pma_gxb/aldec/altera_tse_bin_cnt.v                   ;
; tse_mac_sim/altera_eth_tse_pcs_pma_gxb/aldec/altera_tse_carrier_sense.v             ;
; tse_mac_sim/altera_eth_tse_pcs_pma_gxb/aldec/altera_tse_clk_gen.v                   ;
; tse_mac_sim/altera_eth_tse_pcs_pma_gxb/aldec/altera_tse_clock_crosser.v             ;
; tse_mac_sim/altera_eth_tse_pcs_pma_gxb/aldec/altera_tse_colision_detect.v           ;
; tse_mac_sim/altera_eth_tse_pcs_pma_gxb/aldec/altera_tse_dc_fifo.v                   ;
; tse_mac_sim/altera_eth_tse_pcs_pma_gxb/aldec/altera_tse_dec10b8b.v                  ;
; tse_mac_sim/altera_eth_tse_pcs_pma_gxb/aldec/altera_tse_dec_func.v                  ;
; tse_mac_sim/altera_eth_tse_pcs_pma_gxb/aldec/altera_tse_enc8b10b.v                  ;
; tse_mac_sim/altera_eth_tse_pcs_pma_gxb/aldec/altera_tse_false_path_marker.v         ;
; tse_mac_sim/altera_eth_tse_pcs_pma_gxb/aldec/altera_tse_gray_cnt.v                  ;
; tse_mac_sim/altera_eth_tse_pcs_pma_gxb/aldec/altera_tse_gxb_aligned_rxsync.v        ;
; tse_mac_sim/altera_eth_tse_pcs_pma_gxb/aldec/altera_tse_mdio_reg.v                  ;
; tse_mac_sim/altera_eth_tse_pcs_pma_gxb/aldec/altera_tse_mii_rx_if_pcs.v             ;
; tse_mac_sim/altera_eth_tse_pcs_pma_gxb/aldec/altera_tse_mii_tx_if_pcs.v             ;
; tse_mac_sim/altera_eth_tse_pcs_pma_gxb/aldec/altera_tse_pcs_control.v               ;
; tse_mac_sim/altera_eth_tse_pcs_pma_gxb/aldec/altera_tse_pcs_host_control.v          ;
; tse_mac_sim/altera_eth_tse_pcs_pma_gxb/aldec/altera_tse_ph_calculator.sv            ;
; tse_mac_sim/altera_eth_tse_pcs_pma_gxb/aldec/altera_tse_reset_ctrl_lego.sv          ;
; tse_mac_sim/altera_eth_tse_pcs_pma_gxb/aldec/altera_tse_reset_sequencer.sv          ;
; tse_mac_sim/altera_eth_tse_pcs_pma_gxb/aldec/altera_tse_reset_synchronizer.v        ;
; tse_mac_sim/altera_eth_tse_pcs_pma_gxb/aldec/altera_tse_rx_converter.v              ;
; tse_mac_sim/altera_eth_tse_pcs_pma_gxb/aldec/altera_tse_rx_encapsulation.v          ;
; tse_mac_sim/altera_eth_tse_pcs_pma_gxb/aldec/altera_tse_rx_encapsulation_strx_gx.v  ;
; tse_mac_sim/altera_eth_tse_pcs_pma_gxb/aldec/altera_tse_rx_fifo_rd.v                ;
; tse_mac_sim/altera_eth_tse_pcs_pma_gxb/aldec/altera_tse_rx_sync.v                   ;
; tse_mac_sim/altera_eth_tse_pcs_pma_gxb/aldec/altera_tse_sdpm_altsyncram.v           ;
; tse_mac_sim/altera_eth_tse_pcs_pma_gxb/aldec/altera_tse_sdpm_gen.v                  ;
; tse_mac_sim/altera_eth_tse_pcs_pma_gxb/aldec/altera_tse_sgmii_clk_cntl.v            ;
; tse_mac_sim/altera_eth_tse_pcs_pma_gxb/aldec/altera_tse_sgmii_clk_div.v             ;
; tse_mac_sim/altera_eth_tse_pcs_pma_gxb/aldec/altera_tse_sgmii_clk_enable.v          ;
; tse_mac_sim/altera_eth_tse_pcs_pma_gxb/aldec/altera_tse_top_1000_base_x.v           ;
; tse_mac_sim/altera_eth_tse_pcs_pma_gxb/aldec/altera_tse_top_1000_base_x_strx_gx.v   ;
; tse_mac_sim/altera_eth_tse_pcs_pma_gxb/aldec/altera_tse_top_autoneg.v               ;
; tse_mac_sim/altera_eth_tse_pcs_pma_gxb/aldec/altera_tse_top_pcs.v                   ;
; tse_mac_sim/altera_eth_tse_pcs_pma_gxb/aldec/altera_tse_top_pcs_strx_gx.v           ;
; tse_mac_sim/altera_eth_tse_pcs_pma_gxb/aldec/altera_tse_top_rx.v                    ;
; tse_mac_sim/altera_eth_tse_pcs_pma_gxb/aldec/altera_tse_top_rx_converter.v          ;
; tse_mac_sim/altera_eth_tse_pcs_pma_gxb/aldec/altera_tse_top_sgmii.v                 ;
; tse_mac_sim/altera_eth_tse_pcs_pma_gxb/aldec/altera_tse_top_sgmii_strx_gx.v         ;
; tse_mac_sim/altera_eth_tse_pcs_pma_gxb/aldec/altera_tse_top_tx.v                    ;
; tse_mac_sim/altera_eth_tse_pcs_pma_gxb/aldec/altera_tse_top_tx_converter.v          ;
; tse_mac_sim/altera_eth_tse_pcs_pma_gxb/aldec/altera_tse_tx_converter.v              ;
; tse_mac_sim/altera_eth_tse_pcs_pma_gxb/aldec/altera_tse_tx_encapsulation.v          ;
; tse_mac_sim/altera_eth_tse_pcs_pma_gxb/aldec/altera_tse_xcvr_resync.v               ;
; tse_mac_sim/altera_eth_tse_pcs_pma_gxb/mentor/altera_eth_tse_pcs_pma_gxb.v          ;
; tse_mac_sim/altera_eth_tse_pcs_pma_gxb/mentor/altera_tse_a_fifo_13.v                ;
; tse_mac_sim/altera_eth_tse_pcs_pma_gxb/mentor/altera_tse_a_fifo_24.v                ;
; tse_mac_sim/altera_eth_tse_pcs_pma_gxb/mentor/altera_tse_a_fifo_34.v                ;
; tse_mac_sim/altera_eth_tse_pcs_pma_gxb/mentor/altera_tse_a_fifo_opt_1246.v          ;
; tse_mac_sim/altera_eth_tse_pcs_pma_gxb/mentor/altera_tse_a_fifo_opt_14_44.v         ;
; tse_mac_sim/altera_eth_tse_pcs_pma_gxb/mentor/altera_tse_a_fifo_opt_36_10.v         ;
; tse_mac_sim/altera_eth_tse_pcs_pma_gxb/mentor/altera_tse_align_sync.v               ;
; tse_mac_sim/altera_eth_tse_pcs_pma_gxb/mentor/altera_tse_altsyncram_dpm_fifo.v      ;
; tse_mac_sim/altera_eth_tse_pcs_pma_gxb/mentor/altera_tse_bin_cnt.v                  ;
; tse_mac_sim/altera_eth_tse_pcs_pma_gxb/mentor/altera_tse_carrier_sense.v            ;
; tse_mac_sim/altera_eth_tse_pcs_pma_gxb/mentor/altera_tse_clk_gen.v                  ;
; tse_mac_sim/altera_eth_tse_pcs_pma_gxb/mentor/altera_tse_clock_crosser.v            ;
; tse_mac_sim/altera_eth_tse_pcs_pma_gxb/mentor/altera_tse_colision_detect.v          ;
; tse_mac_sim/altera_eth_tse_pcs_pma_gxb/mentor/altera_tse_dc_fifo.v                  ;
; tse_mac_sim/altera_eth_tse_pcs_pma_gxb/mentor/altera_tse_dec10b8b.v                 ;
; tse_mac_sim/altera_eth_tse_pcs_pma_gxb/mentor/altera_tse_dec_func.v                 ;
; tse_mac_sim/altera_eth_tse_pcs_pma_gxb/mentor/altera_tse_enc8b10b.v                 ;
; tse_mac_sim/altera_eth_tse_pcs_pma_gxb/mentor/altera_tse_false_path_marker.v        ;
; tse_mac_sim/altera_eth_tse_pcs_pma_gxb/mentor/altera_tse_gray_cnt.v                 ;
; tse_mac_sim/altera_eth_tse_pcs_pma_gxb/mentor/altera_tse_gxb_aligned_rxsync.v       ;
; tse_mac_sim/altera_eth_tse_pcs_pma_gxb/mentor/altera_tse_mdio_reg.v                 ;
; tse_mac_sim/altera_eth_tse_pcs_pma_gxb/mentor/altera_tse_mii_rx_if_pcs.v            ;
; tse_mac_sim/altera_eth_tse_pcs_pma_gxb/mentor/altera_tse_mii_tx_if_pcs.v            ;
; tse_mac_sim/altera_eth_tse_pcs_pma_gxb/mentor/altera_tse_pcs_control.v              ;
; tse_mac_sim/altera_eth_tse_pcs_pma_gxb/mentor/altera_tse_pcs_host_control.v         ;
; tse_mac_sim/altera_eth_tse_pcs_pma_gxb/mentor/altera_tse_ph_calculator.sv           ;
; tse_mac_sim/altera_eth_tse_pcs_pma_gxb/mentor/altera_tse_reset_ctrl_lego.sv         ;
; tse_mac_sim/altera_eth_tse_pcs_pma_gxb/mentor/altera_tse_reset_sequencer.sv         ;
; tse_mac_sim/altera_eth_tse_pcs_pma_gxb/mentor/altera_tse_reset_synchronizer.v       ;
; tse_mac_sim/altera_eth_tse_pcs_pma_gxb/mentor/altera_tse_rx_converter.v             ;
; tse_mac_sim/altera_eth_tse_pcs_pma_gxb/mentor/altera_tse_rx_encapsulation.v         ;
; tse_mac_sim/altera_eth_tse_pcs_pma_gxb/mentor/altera_tse_rx_encapsulation_strx_gx.v ;
; tse_mac_sim/altera_eth_tse_pcs_pma_gxb/mentor/altera_tse_rx_fifo_rd.v               ;
; tse_mac_sim/altera_eth_tse_pcs_pma_gxb/mentor/altera_tse_rx_sync.v                  ;
; tse_mac_sim/altera_eth_tse_pcs_pma_gxb/mentor/altera_tse_sdpm_altsyncram.v          ;
; tse_mac_sim/altera_eth_tse_pcs_pma_gxb/mentor/altera_tse_sdpm_gen.v                 ;
; tse_mac_sim/altera_eth_tse_pcs_pma_gxb/mentor/altera_tse_sgmii_clk_cntl.v           ;
; tse_mac_sim/altera_eth_tse_pcs_pma_gxb/mentor/altera_tse_sgmii_clk_div.v            ;
; tse_mac_sim/altera_eth_tse_pcs_pma_gxb/mentor/altera_tse_sgmii_clk_enable.v         ;
; tse_mac_sim/altera_eth_tse_pcs_pma_gxb/mentor/altera_tse_top_1000_base_x.v          ;
; tse_mac_sim/altera_eth_tse_pcs_pma_gxb/mentor/altera_tse_top_1000_base_x_strx_gx.v  ;
; tse_mac_sim/altera_eth_tse_pcs_pma_gxb/mentor/altera_tse_top_autoneg.v              ;
; tse_mac_sim/altera_eth_tse_pcs_pma_gxb/mentor/altera_tse_top_pcs.v                  ;
; tse_mac_sim/altera_eth_tse_pcs_pma_gxb/mentor/altera_tse_top_pcs_strx_gx.v          ;
; tse_mac_sim/altera_eth_tse_pcs_pma_gxb/mentor/altera_tse_top_rx.v                   ;
; tse_mac_sim/altera_eth_tse_pcs_pma_gxb/mentor/altera_tse_top_rx_converter.v         ;
; tse_mac_sim/altera_eth_tse_pcs_pma_gxb/mentor/altera_tse_top_sgmii.v                ;
; tse_mac_sim/altera_eth_tse_pcs_pma_gxb/mentor/altera_tse_top_sgmii_strx_gx.v        ;
; tse_mac_sim/altera_eth_tse_pcs_pma_gxb/mentor/altera_tse_top_tx.v                   ;
; tse_mac_sim/altera_eth_tse_pcs_pma_gxb/mentor/altera_tse_top_tx_converter.v         ;
; tse_mac_sim/altera_eth_tse_pcs_pma_gxb/mentor/altera_tse_tx_converter.v             ;
; tse_mac_sim/altera_eth_tse_pcs_pma_gxb/mentor/altera_tse_tx_encapsulation.v         ;
; tse_mac_sim/altera_eth_tse_pcs_pma_gxb/mentor/altera_tse_xcvr_resync.v              ;
; tse_mac_sim/altera_reset_controller/aldec/altera_reset_controller.v                 ;
; tse_mac_sim/altera_reset_controller/aldec/altera_reset_synchronizer.v               ;
; tse_mac_sim/altera_reset_controller/mentor/altera_reset_controller.v                ;
; tse_mac_sim/altera_reset_controller/mentor/altera_reset_synchronizer.v              ;
; tse_mac_sim/tse_mac.vhd                                                             ;
; tx_frame.vhd                                                                        ;
; tx_packet_fifo.vhd                                                                  ;
; udp_io.vhd                                                                          ;
+-------------------------------------------------------------------------------------+


+--------------------+
; Files Not Restored ;
+--------------------+
; File Name          ;
+--------------------+


